CRITICAL - 2026-06-06 11:12:57 --> CodeIgniter\View\Exceptions\ViewException: Invalid file: "user/login.php"
[Method: GET, Route: user/login]
in SYSTEMPATH\Exceptions\FrameworkException.php on line 39.
 1 SYSTEMPATH\View\View.php(226): CodeIgniter\Exceptions\FrameworkException::forInvalidFile('user/login.php')
 2 SYSTEMPATH\Common.php(1250): CodeIgniter\View\View->render('user/login', [], true)
 3 APPPATH\Controllers\User.php(24): view('user/login')
 4 SYSTEMPATH\CodeIgniter.php(951): App\Controllers\User->login()
 5 SYSTEMPATH\CodeIgniter.php(497): CodeIgniter\CodeIgniter->runController(Object(App\Controllers\User))
 6 SYSTEMPATH\CodeIgniter.php(340): CodeIgniter\CodeIgniter->handleRequest(null, Object(Config\Cache), false)
 7 SYSTEMPATH\Boot.php(417): CodeIgniter\CodeIgniter->run()
 8 SYSTEMPATH\Boot.php(68): CodeIgniter\Boot::runCodeIgniter(Object(CodeIgniter\CodeIgniter))
 9 FCPATH\index.php(59): CodeIgniter\Boot::bootWeb(Object(Config\Paths))
10 SYSTEMPATH\rewrite.php(44): require_once('C:\\xampp\\htdocs\\lab11_ci\\ci4\\public\\index.php')
CRITICAL - 2026-06-06 11:17:10 --> CodeIgniter\View\Exceptions\ViewException: Invalid file: "user/login.php"
[Method: GET, Route: user/login]
in SYSTEMPATH\Exceptions\FrameworkException.php on line 39.
 1 SYSTEMPATH\View\View.php(226): CodeIgniter\Exceptions\FrameworkException::forInvalidFile('user/login.php')
 2 SYSTEMPATH\Common.php(1250): CodeIgniter\View\View->render('user/login', [], true)
 3 APPPATH\Controllers\User.php(24): view('user/login')
 4 SYSTEMPATH\CodeIgniter.php(951): App\Controllers\User->login()
 5 SYSTEMPATH\CodeIgniter.php(497): CodeIgniter\CodeIgniter->runController(Object(App\Controllers\User))
 6 SYSTEMPATH\CodeIgniter.php(340): CodeIgniter\CodeIgniter->handleRequest(null, Object(Config\Cache), false)
 7 SYSTEMPATH\Boot.php(417): CodeIgniter\CodeIgniter->run()
 8 SYSTEMPATH\Boot.php(68): CodeIgniter\Boot::runCodeIgniter(Object(CodeIgniter\CodeIgniter))
 9 FCPATH\index.php(59): CodeIgniter\Boot::bootWeb(Object(Config\Paths))
10 SYSTEMPATH\rewrite.php(44): require_once('C:\\xampp\\htdocs\\lab11_ci\\ci4\\public\\index.php')
CRITICAL - 2026-06-06 11:17:14 --> CodeIgniter\View\Exceptions\ViewException: Invalid file: "user/login.php"
[Method: GET, Route: user/login]
in SYSTEMPATH\Exceptions\FrameworkException.php on line 39.
 1 SYSTEMPATH\View\View.php(226): CodeIgniter\Exceptions\FrameworkException::forInvalidFile('user/login.php')
 2 SYSTEMPATH\Common.php(1250): CodeIgniter\View\View->render('user/login', [], true)
 3 APPPATH\Controllers\User.php(24): view('user/login')
 4 SYSTEMPATH\CodeIgniter.php(951): App\Controllers\User->login()
 5 SYSTEMPATH\CodeIgniter.php(497): CodeIgniter\CodeIgniter->runController(Object(App\Controllers\User))
 6 SYSTEMPATH\CodeIgniter.php(340): CodeIgniter\CodeIgniter->handleRequest(null, Object(Config\Cache), false)
 7 SYSTEMPATH\Boot.php(417): CodeIgniter\CodeIgniter->run()
 8 SYSTEMPATH\Boot.php(68): CodeIgniter\Boot::runCodeIgniter(Object(CodeIgniter\CodeIgniter))
 9 FCPATH\index.php(59): CodeIgniter\Boot::bootWeb(Object(Config\Paths))
10 SYSTEMPATH\rewrite.php(44): require_once('C:\\xampp\\htdocs\\lab11_ci\\ci4\\public\\index.php')
CRITICAL - 2026-06-06 11:20:22 --> ParseError: syntax error, unexpected token ">"
[Method: GET, Route: user/login]
in APPPATH\Views\user\login.php on line 13.
 1 SYSTEMPATH\View\View.php(241): CodeIgniter\View\View->CodeIgniter\View\{closure}()
 2 SYSTEMPATH\Common.php(1250): CodeIgniter\View\View->render('user/login', [], true)
 3 APPPATH\Controllers\User.php(24): view('user/login')
 4 SYSTEMPATH\CodeIgniter.php(951): App\Controllers\User->login()
 5 SYSTEMPATH\CodeIgniter.php(497): CodeIgniter\CodeIgniter->runController(Object(App\Controllers\User))
 6 SYSTEMPATH\CodeIgniter.php(340): CodeIgniter\CodeIgniter->handleRequest(null, Object(Config\Cache), false)
 7 SYSTEMPATH\Boot.php(417): CodeIgniter\CodeIgniter->run()
 8 SYSTEMPATH\Boot.php(68): CodeIgniter\Boot::runCodeIgniter(Object(CodeIgniter\CodeIgniter))
 9 FCPATH\index.php(59): CodeIgniter\Boot::bootWeb(Object(Config\Paths))
10 SYSTEMPATH\rewrite.php(44): require_once('C:\\xampp\\htdocs\\lab11_ci\\ci4\\public\\index.php')
CRITICAL - 2026-06-06 11:20:50 --> CodeIgniter\Session\Exceptions\SessionException: Session: Configured save path "C:\xampp\htdocs\lab11_ci\ci4\writable\session" is not writable by the PHP process.
[Method: GET, Route: user/login]
in SYSTEMPATH\Session\Handlers\FileHandler.php on line 102.
 1 SYSTEMPATH\Session\Handlers\FileHandler.php(102): CodeIgniter\Session\Exceptions\SessionException::forWriteProtectedSavePath('C:\\xampp\\htdocs\\lab11_ci\\ci4\\writable\\session')
 2 [internal function]: CodeIgniter\Session\Handlers\FileHandler->open('C:\\xampp\\htdocs\\lab11_ci\\ci4\\writable\\session', 'ci_session')
 3 SYSTEMPATH\Session\Session.php(625): session_start()
 4 SYSTEMPATH\Session\Session.php(120): CodeIgniter\Session\Session->startSession()
 5 SYSTEMPATH\Config\Services.php(715): CodeIgniter\Session\Session->start()
 6 SYSTEMPATH\Config\BaseService.php(325): CodeIgniter\Config\Services::session(Object(Config\Session), false)
 7 SYSTEMPATH\Config\BaseService.php(264): CodeIgniter\Config\BaseService::__callStatic('session', [...])
 8 SYSTEMPATH\Config\Services.php(668): CodeIgniter\Config\BaseService::getSharedInstance('session', null)
 9 SYSTEMPATH\Config\BaseService.php(334): CodeIgniter\Config\Services::session()
10 SYSTEMPATH\Config\BaseService.php(203): CodeIgniter\Config\BaseService::__callStatic('session', [])
11 SYSTEMPATH\Common.php(1078): CodeIgniter\Config\BaseService::get('session')
12 SYSTEMPATH\Common.php(1051): service('session')
13 APPPATH\Views\user\login.php(11): session()
14 SYSTEMPATH\View\View.php(238): include('C:\\xampp\\htdocs\\lab11_ci\\ci4\\app\\Views\\user\\login.php')
15 SYSTEMPATH\View\View.php(241): CodeIgniter\View\View->CodeIgniter\View\{closure}()
16 SYSTEMPATH\Common.php(1250): CodeIgniter\View\View->render('user/login', [], true)
17 APPPATH\Controllers\User.php(24): view('user/login')
18 SYSTEMPATH\CodeIgniter.php(951): App\Controllers\User->login()
19 SYSTEMPATH\CodeIgniter.php(497): CodeIgniter\CodeIgniter->runController(Object(App\Controllers\User))
20 SYSTEMPATH\CodeIgniter.php(340): CodeIgniter\CodeIgniter->handleRequest(null, Object(Config\Cache), false)
21 SYSTEMPATH\Boot.php(417): CodeIgniter\CodeIgniter->run()
22 SYSTEMPATH\Boot.php(68): CodeIgniter\Boot::runCodeIgniter(Object(CodeIgniter\CodeIgniter))
23 FCPATH\index.php(59): CodeIgniter\Boot::bootWeb(Object(Config\Paths))
24 SYSTEMPATH\rewrite.php(44): require_once('C:\\xampp\\htdocs\\lab11_ci\\ci4\\public\\index.php')
CRITICAL - 2026-06-06 11:23:19 --> CodeIgniter\Session\Exceptions\SessionException: Session: Configured save path "C:\xampp\htdocs\lab11_ci\ci4\writable\session" is not writable by the PHP process.
[Method: GET, Route: user/login]
in SYSTEMPATH\Session\Handlers\FileHandler.php on line 102.
 1 SYSTEMPATH\Session\Handlers\FileHandler.php(102): CodeIgniter\Session\Exceptions\SessionException::forWriteProtectedSavePath('C:\\xampp\\htdocs\\lab11_ci\\ci4\\writable\\session')
 2 [internal function]: CodeIgniter\Session\Handlers\FileHandler->open('C:\\xampp\\htdocs\\lab11_ci\\ci4\\writable\\session', 'ci_session')
 3 SYSTEMPATH\Session\Session.php(625): session_start()
 4 SYSTEMPATH\Session\Session.php(120): CodeIgniter\Session\Session->startSession()
 5 SYSTEMPATH\Config\Services.php(715): CodeIgniter\Session\Session->start()
 6 SYSTEMPATH\Config\BaseService.php(325): CodeIgniter\Config\Services::session(Object(Config\Session), false)
 7 SYSTEMPATH\Config\BaseService.php(264): CodeIgniter\Config\BaseService::__callStatic('session', [...])
 8 SYSTEMPATH\Config\Services.php(668): CodeIgniter\Config\BaseService::getSharedInstance('session', null)
 9 SYSTEMPATH\Config\BaseService.php(334): CodeIgniter\Config\Services::session()
10 SYSTEMPATH\Config\BaseService.php(203): CodeIgniter\Config\BaseService::__callStatic('session', [])
11 SYSTEMPATH\Common.php(1078): CodeIgniter\Config\BaseService::get('session')
12 SYSTEMPATH\Common.php(1051): service('session')
13 APPPATH\Views\user\login.php(11): session()
14 SYSTEMPATH\View\View.php(238): include('C:\\xampp\\htdocs\\lab11_ci\\ci4\\app\\Views\\user\\login.php')
15 SYSTEMPATH\View\View.php(241): CodeIgniter\View\View->CodeIgniter\View\{closure}()
16 SYSTEMPATH\Common.php(1250): CodeIgniter\View\View->render('user/login', [], true)
17 APPPATH\Controllers\User.php(24): view('user/login')
18 SYSTEMPATH\CodeIgniter.php(951): App\Controllers\User->login()
19 SYSTEMPATH\CodeIgniter.php(497): CodeIgniter\CodeIgniter->runController(Object(App\Controllers\User))
20 SYSTEMPATH\CodeIgniter.php(340): CodeIgniter\CodeIgniter->handleRequest(null, Object(Config\Cache), false)
21 SYSTEMPATH\Boot.php(417): CodeIgniter\CodeIgniter->run()
22 SYSTEMPATH\Boot.php(68): CodeIgniter\Boot::runCodeIgniter(Object(CodeIgniter\CodeIgniter))
23 FCPATH\index.php(59): CodeIgniter\Boot::bootWeb(Object(Config\Paths))
24 SYSTEMPATH\rewrite.php(44): require_once('C:\\xampp\\htdocs\\lab11_ci\\ci4\\public\\index.php')
CRITICAL - 2026-06-06 11:24:39 --> CodeIgniter\Session\Exceptions\SessionException: Session: Configured save path "C:\xampp\htdocs\lab11_ci\ci4\writable\session" is not writable by the PHP process.
[Method: GET, Route: user/login]
in SYSTEMPATH\Session\Handlers\FileHandler.php on line 102.
 1 SYSTEMPATH\Session\Handlers\FileHandler.php(102): CodeIgniter\Session\Exceptions\SessionException::forWriteProtectedSavePath('C:\\xampp\\htdocs\\lab11_ci\\ci4\\writable\\session')
 2 [internal function]: CodeIgniter\Session\Handlers\FileHandler->open('C:\\xampp\\htdocs\\lab11_ci\\ci4\\writable\\session', 'ci_session')
 3 SYSTEMPATH\Session\Session.php(625): session_start()
 4 SYSTEMPATH\Session\Session.php(120): CodeIgniter\Session\Session->startSession()
 5 SYSTEMPATH\Config\Services.php(715): CodeIgniter\Session\Session->start()
 6 SYSTEMPATH\Config\BaseService.php(325): CodeIgniter\Config\Services::session(Object(Config\Session), false)
 7 SYSTEMPATH\Config\BaseService.php(264): CodeIgniter\Config\BaseService::__callStatic('session', [...])
 8 SYSTEMPATH\Config\Services.php(668): CodeIgniter\Config\BaseService::getSharedInstance('session', null)
 9 SYSTEMPATH\Config\BaseService.php(334): CodeIgniter\Config\Services::session()
10 SYSTEMPATH\Config\BaseService.php(203): CodeIgniter\Config\BaseService::__callStatic('session', [])
11 SYSTEMPATH\Common.php(1078): CodeIgniter\Config\BaseService::get('session')
12 SYSTEMPATH\Common.php(1051): service('session')
13 APPPATH\Views\user\login.php(11): session()
14 SYSTEMPATH\View\View.php(238): include('C:\\xampp\\htdocs\\lab11_ci\\ci4\\app\\Views\\user\\login.php')
15 SYSTEMPATH\View\View.php(241): CodeIgniter\View\View->CodeIgniter\View\{closure}()
16 SYSTEMPATH\Common.php(1250): CodeIgniter\View\View->render('user/login', [], true)
17 APPPATH\Controllers\User.php(24): view('user/login')
18 SYSTEMPATH\CodeIgniter.php(951): App\Controllers\User->login()
19 SYSTEMPATH\CodeIgniter.php(497): CodeIgniter\CodeIgniter->runController(Object(App\Controllers\User))
20 SYSTEMPATH\CodeIgniter.php(340): CodeIgniter\CodeIgniter->handleRequest(null, Object(Config\Cache), false)
21 SYSTEMPATH\Boot.php(417): CodeIgniter\CodeIgniter->run()
22 SYSTEMPATH\Boot.php(68): CodeIgniter\Boot::runCodeIgniter(Object(CodeIgniter\CodeIgniter))
23 FCPATH\index.php(59): CodeIgniter\Boot::bootWeb(Object(Config\Paths))
24 SYSTEMPATH\rewrite.php(44): require_once('C:\\xampp\\htdocs\\lab11_ci\\ci4\\public\\index.php')
CRITICAL - 2026-06-06 11:24:41 --> CodeIgniter\Session\Exceptions\SessionException: Session: Configured save path "C:\xampp\htdocs\lab11_ci\ci4\writable\session" is not writable by the PHP process.
[Method: GET, Route: user/login]
in SYSTEMPATH\Session\Handlers\FileHandler.php on line 102.
 1 SYSTEMPATH\Session\Handlers\FileHandler.php(102): CodeIgniter\Session\Exceptions\SessionException::forWriteProtectedSavePath('C:\\xampp\\htdocs\\lab11_ci\\ci4\\writable\\session')
 2 [internal function]: CodeIgniter\Session\Handlers\FileHandler->open('C:\\xampp\\htdocs\\lab11_ci\\ci4\\writable\\session', 'ci_session')
 3 SYSTEMPATH\Session\Session.php(625): session_start()
 4 SYSTEMPATH\Session\Session.php(120): CodeIgniter\Session\Session->startSession()
 5 SYSTEMPATH\Config\Services.php(715): CodeIgniter\Session\Session->start()
 6 SYSTEMPATH\Config\BaseService.php(325): CodeIgniter\Config\Services::session(Object(Config\Session), false)
 7 SYSTEMPATH\Config\BaseService.php(264): CodeIgniter\Config\BaseService::__callStatic('session', [...])
 8 SYSTEMPATH\Config\Services.php(668): CodeIgniter\Config\BaseService::getSharedInstance('session', null)
 9 SYSTEMPATH\Config\BaseService.php(334): CodeIgniter\Config\Services::session()
10 SYSTEMPATH\Config\BaseService.php(203): CodeIgniter\Config\BaseService::__callStatic('session', [])
11 SYSTEMPATH\Common.php(1078): CodeIgniter\Config\BaseService::get('session')
12 SYSTEMPATH\Common.php(1051): service('session')
13 APPPATH\Views\user\login.php(11): session()
14 SYSTEMPATH\View\View.php(238): include('C:\\xampp\\htdocs\\lab11_ci\\ci4\\app\\Views\\user\\login.php')
15 SYSTEMPATH\View\View.php(241): CodeIgniter\View\View->CodeIgniter\View\{closure}()
16 SYSTEMPATH\Common.php(1250): CodeIgniter\View\View->render('user/login', [], true)
17 APPPATH\Controllers\User.php(24): view('user/login')
18 SYSTEMPATH\CodeIgniter.php(951): App\Controllers\User->login()
19 SYSTEMPATH\CodeIgniter.php(497): CodeIgniter\CodeIgniter->runController(Object(App\Controllers\User))
20 SYSTEMPATH\CodeIgniter.php(340): CodeIgniter\CodeIgniter->handleRequest(null, Object(Config\Cache), false)
21 SYSTEMPATH\Boot.php(417): CodeIgniter\CodeIgniter->run()
22 SYSTEMPATH\Boot.php(68): CodeIgniter\Boot::runCodeIgniter(Object(CodeIgniter\CodeIgniter))
23 FCPATH\index.php(59): CodeIgniter\Boot::bootWeb(Object(Config\Paths))
24 SYSTEMPATH\rewrite.php(44): require_once('C:\\xampp\\htdocs\\lab11_ci\\ci4\\public\\index.php')
CRITICAL - 2026-06-06 11:25:44 --> CodeIgniter\Session\Exceptions\SessionException: Session: Configured save path "C:\xampp\htdocs\lab11_ci\ci4\writable\session" is not writable by the PHP process.
[Method: GET, Route: user/login]
in SYSTEMPATH\Session\Handlers\FileHandler.php on line 102.
 1 SYSTEMPATH\Session\Handlers\FileHandler.php(102): CodeIgniter\Session\Exceptions\SessionException::forWriteProtectedSavePath('C:\\xampp\\htdocs\\lab11_ci\\ci4\\writable\\session')
 2 [internal function]: CodeIgniter\Session\Handlers\FileHandler->open('C:\\xampp\\htdocs\\lab11_ci\\ci4\\writable\\session', 'ci_session')
 3 SYSTEMPATH\Session\Session.php(625): session_start()
 4 SYSTEMPATH\Session\Session.php(120): CodeIgniter\Session\Session->startSession()
 5 SYSTEMPATH\Config\Services.php(715): CodeIgniter\Session\Session->start()
 6 SYSTEMPATH\Config\BaseService.php(325): CodeIgniter\Config\Services::session(Object(Config\Session), false)
 7 SYSTEMPATH\Config\BaseService.php(264): CodeIgniter\Config\BaseService::__callStatic('session', [...])
 8 SYSTEMPATH\Config\Services.php(668): CodeIgniter\Config\BaseService::getSharedInstance('session', null)
 9 SYSTEMPATH\Config\BaseService.php(334): CodeIgniter\Config\Services::session()
10 SYSTEMPATH\Config\BaseService.php(203): CodeIgniter\Config\BaseService::__callStatic('session', [])
11 SYSTEMPATH\Common.php(1078): CodeIgniter\Config\BaseService::get('session')
12 SYSTEMPATH\Common.php(1051): service('session')
13 APPPATH\Views\user\login.php(11): session()
14 SYSTEMPATH\View\View.php(238): include('C:\\xampp\\htdocs\\lab11_ci\\ci4\\app\\Views\\user\\login.php')
15 SYSTEMPATH\View\View.php(241): CodeIgniter\View\View->CodeIgniter\View\{closure}()
16 SYSTEMPATH\Common.php(1250): CodeIgniter\View\View->render('user/login', [], true)
17 APPPATH\Controllers\User.php(24): view('user/login')
18 SYSTEMPATH\CodeIgniter.php(951): App\Controllers\User->login()
19 SYSTEMPATH\CodeIgniter.php(497): CodeIgniter\CodeIgniter->runController(Object(App\Controllers\User))
20 SYSTEMPATH\CodeIgniter.php(340): CodeIgniter\CodeIgniter->handleRequest(null, Object(Config\Cache), false)
21 SYSTEMPATH\Boot.php(417): CodeIgniter\CodeIgniter->run()
22 SYSTEMPATH\Boot.php(68): CodeIgniter\Boot::runCodeIgniter(Object(CodeIgniter\CodeIgniter))
23 FCPATH\index.php(59): CodeIgniter\Boot::bootWeb(Object(Config\Paths))
24 SYSTEMPATH\rewrite.php(44): require_once('C:\\xampp\\htdocs\\lab11_ci\\ci4\\public\\index.php')
CRITICAL - 2026-06-06 11:25:46 --> CodeIgniter\Session\Exceptions\SessionException: Session: Configured save path "C:\xampp\htdocs\lab11_ci\ci4\writable\session" is not writable by the PHP process.
[Method: GET, Route: user/login]
in SYSTEMPATH\Session\Handlers\FileHandler.php on line 102.
 1 SYSTEMPATH\Session\Handlers\FileHandler.php(102): CodeIgniter\Session\Exceptions\SessionException::forWriteProtectedSavePath('C:\\xampp\\htdocs\\lab11_ci\\ci4\\writable\\session')
 2 [internal function]: CodeIgniter\Session\Handlers\FileHandler->open('C:\\xampp\\htdocs\\lab11_ci\\ci4\\writable\\session', 'ci_session')
 3 SYSTEMPATH\Session\Session.php(625): session_start()
 4 SYSTEMPATH\Session\Session.php(120): CodeIgniter\Session\Session->startSession()
 5 SYSTEMPATH\Config\Services.php(715): CodeIgniter\Session\Session->start()
 6 SYSTEMPATH\Config\BaseService.php(325): CodeIgniter\Config\Services::session(Object(Config\Session), false)
 7 SYSTEMPATH\Config\BaseService.php(264): CodeIgniter\Config\BaseService::__callStatic('session', [...])
 8 SYSTEMPATH\Config\Services.php(668): CodeIgniter\Config\BaseService::getSharedInstance('session', null)
 9 SYSTEMPATH\Config\BaseService.php(334): CodeIgniter\Config\Services::session()
10 SYSTEMPATH\Config\BaseService.php(203): CodeIgniter\Config\BaseService::__callStatic('session', [])
11 SYSTEMPATH\Common.php(1078): CodeIgniter\Config\BaseService::get('session')
12 SYSTEMPATH\Common.php(1051): service('session')
13 APPPATH\Views\user\login.php(11): session()
14 SYSTEMPATH\View\View.php(238): include('C:\\xampp\\htdocs\\lab11_ci\\ci4\\app\\Views\\user\\login.php')
15 SYSTEMPATH\View\View.php(241): CodeIgniter\View\View->CodeIgniter\View\{closure}()
16 SYSTEMPATH\Common.php(1250): CodeIgniter\View\View->render('user/login', [], true)
17 APPPATH\Controllers\User.php(24): view('user/login')
18 SYSTEMPATH\CodeIgniter.php(951): App\Controllers\User->login()
19 SYSTEMPATH\CodeIgniter.php(497): CodeIgniter\CodeIgniter->runController(Object(App\Controllers\User))
20 SYSTEMPATH\CodeIgniter.php(340): CodeIgniter\CodeIgniter->handleRequest(null, Object(Config\Cache), false)
21 SYSTEMPATH\Boot.php(417): CodeIgniter\CodeIgniter->run()
22 SYSTEMPATH\Boot.php(68): CodeIgniter\Boot::runCodeIgniter(Object(CodeIgniter\CodeIgniter))
23 FCPATH\index.php(59): CodeIgniter\Boot::bootWeb(Object(Config\Paths))
24 SYSTEMPATH\rewrite.php(44): require_once('C:\\xampp\\htdocs\\lab11_ci\\ci4\\public\\index.php')
CRITICAL - 2026-06-06 11:30:55 --> CodeIgniter\Session\Exceptions\SessionException: Session: Configured save path "C:\xampp\htdocs\lab11_ci\ci4\writable\session" is not writable by the PHP process.
[Method: GET, Route: user/login]
in SYSTEMPATH\Session\Handlers\FileHandler.php on line 102.
 1 SYSTEMPATH\Session\Handlers\FileHandler.php(102): CodeIgniter\Session\Exceptions\SessionException::forWriteProtectedSavePath('C:\\xampp\\htdocs\\lab11_ci\\ci4\\writable\\session')
 2 [internal function]: CodeIgniter\Session\Handlers\FileHandler->open('C:\\xampp\\htdocs\\lab11_ci\\ci4\\writable\\session', 'ci_session')
 3 SYSTEMPATH\Session\Session.php(625): session_start()
 4 SYSTEMPATH\Session\Session.php(120): CodeIgniter\Session\Session->startSession()
 5 SYSTEMPATH\Config\Services.php(715): CodeIgniter\Session\Session->start()
 6 SYSTEMPATH\Config\BaseService.php(325): CodeIgniter\Config\Services::session(Object(Config\Session), false)
 7 SYSTEMPATH\Config\BaseService.php(264): CodeIgniter\Config\BaseService::__callStatic('session', [...])
 8 SYSTEMPATH\Config\Services.php(668): CodeIgniter\Config\BaseService::getSharedInstance('session', null)
 9 SYSTEMPATH\Config\BaseService.php(334): CodeIgniter\Config\Services::session()
10 SYSTEMPATH\Config\BaseService.php(203): CodeIgniter\Config\BaseService::__callStatic('session', [])
11 SYSTEMPATH\Common.php(1078): CodeIgniter\Config\BaseService::get('session')
12 SYSTEMPATH\Common.php(1051): service('session')
13 APPPATH\Views\user\login.php(11): session()
14 SYSTEMPATH\View\View.php(238): include('C:\\xampp\\htdocs\\lab11_ci\\ci4\\app\\Views\\user\\login.php')
15 SYSTEMPATH\View\View.php(241): CodeIgniter\View\View->CodeIgniter\View\{closure}()
16 SYSTEMPATH\Common.php(1250): CodeIgniter\View\View->render('user/login', [], true)
17 APPPATH\Controllers\User.php(24): view('user/login')
18 SYSTEMPATH\CodeIgniter.php(951): App\Controllers\User->login()
19 SYSTEMPATH\CodeIgniter.php(497): CodeIgniter\CodeIgniter->runController(Object(App\Controllers\User))
20 SYSTEMPATH\CodeIgniter.php(340): CodeIgniter\CodeIgniter->handleRequest(null, Object(Config\Cache), false)
21 SYSTEMPATH\Boot.php(417): CodeIgniter\CodeIgniter->run()
22 SYSTEMPATH\Boot.php(68): CodeIgniter\Boot::runCodeIgniter(Object(CodeIgniter\CodeIgniter))
23 FCPATH\index.php(59): CodeIgniter\Boot::bootWeb(Object(Config\Paths))
24 SYSTEMPATH\rewrite.php(44): require_once('C:\\xampp\\htdocs\\lab11_ci\\ci4\\public\\index.php')
CRITICAL - 2026-06-06 11:31:22 --> CodeIgniter\Session\Exceptions\SessionException: Session: Configured save path "C:\xampp\htdocs\lab11_ci\ci4\writable\session" is not writable by the PHP process.
[Method: GET, Route: user/login]
in SYSTEMPATH\Session\Handlers\FileHandler.php on line 102.
 1 SYSTEMPATH\Session\Handlers\FileHandler.php(102): CodeIgniter\Session\Exceptions\SessionException::forWriteProtectedSavePath('C:\\xampp\\htdocs\\lab11_ci\\ci4\\writable\\session')
 2 [internal function]: CodeIgniter\Session\Handlers\FileHandler->open('C:\\xampp\\htdocs\\lab11_ci\\ci4\\writable\\session', 'ci_session')
 3 SYSTEMPATH\Session\Session.php(625): session_start()
 4 SYSTEMPATH\Session\Session.php(120): CodeIgniter\Session\Session->startSession()
 5 SYSTEMPATH\Config\Services.php(715): CodeIgniter\Session\Session->start()
 6 SYSTEMPATH\Config\BaseService.php(325): CodeIgniter\Config\Services::session(Object(Config\Session), false)
 7 SYSTEMPATH\Config\BaseService.php(264): CodeIgniter\Config\BaseService::__callStatic('session', [...])
 8 SYSTEMPATH\Config\Services.php(668): CodeIgniter\Config\BaseService::getSharedInstance('session', null)
 9 SYSTEMPATH\Config\BaseService.php(334): CodeIgniter\Config\Services::session()
10 SYSTEMPATH\Config\BaseService.php(203): CodeIgniter\Config\BaseService::__callStatic('session', [])
11 SYSTEMPATH\Common.php(1078): CodeIgniter\Config\BaseService::get('session')
12 SYSTEMPATH\Common.php(1051): service('session')
13 APPPATH\Views\user\login.php(11): session()
14 SYSTEMPATH\View\View.php(238): include('C:\\xampp\\htdocs\\lab11_ci\\ci4\\app\\Views\\user\\login.php')
15 SYSTEMPATH\View\View.php(241): CodeIgniter\View\View->CodeIgniter\View\{closure}()
16 SYSTEMPATH\Common.php(1250): CodeIgniter\View\View->render('user/login', [], true)
17 APPPATH\Controllers\User.php(24): view('user/login')
18 SYSTEMPATH\CodeIgniter.php(951): App\Controllers\User->login()
19 SYSTEMPATH\CodeIgniter.php(497): CodeIgniter\CodeIgniter->runController(Object(App\Controllers\User))
20 SYSTEMPATH\CodeIgniter.php(340): CodeIgniter\CodeIgniter->handleRequest(null, Object(Config\Cache), false)
21 SYSTEMPATH\Boot.php(417): CodeIgniter\CodeIgniter->run()
22 SYSTEMPATH\Boot.php(68): CodeIgniter\Boot::runCodeIgniter(Object(CodeIgniter\CodeIgniter))
23 FCPATH\index.php(59): CodeIgniter\Boot::bootWeb(Object(Config\Paths))
24 SYSTEMPATH\rewrite.php(44): require_once('C:\\xampp\\htdocs\\lab11_ci\\ci4\\public\\index.php')
CRITICAL - 2026-06-06 11:32:05 --> CodeIgniter\Session\Exceptions\SessionException: Session: Configured save path "C:\xampp\htdocs\lab11_ci\ci4\writable\session" is not writable by the PHP process.
[Method: GET, Route: user/login]
in SYSTEMPATH\Session\Handlers\FileHandler.php on line 102.
 1 SYSTEMPATH\Session\Handlers\FileHandler.php(102): CodeIgniter\Session\Exceptions\SessionException::forWriteProtectedSavePath('C:\\xampp\\htdocs\\lab11_ci\\ci4\\writable\\session')
 2 [internal function]: CodeIgniter\Session\Handlers\FileHandler->open('C:\\xampp\\htdocs\\lab11_ci\\ci4\\writable\\session', 'ci_session')
 3 SYSTEMPATH\Session\Session.php(625): session_start()
 4 SYSTEMPATH\Session\Session.php(120): CodeIgniter\Session\Session->startSession()
 5 SYSTEMPATH\Config\Services.php(715): CodeIgniter\Session\Session->start()
 6 SYSTEMPATH\Config\BaseService.php(325): CodeIgniter\Config\Services::session(Object(Config\Session), false)
 7 SYSTEMPATH\Config\BaseService.php(264): CodeIgniter\Config\BaseService::__callStatic('session', [...])
 8 SYSTEMPATH\Config\Services.php(668): CodeIgniter\Config\BaseService::getSharedInstance('session', null)
 9 SYSTEMPATH\Config\BaseService.php(334): CodeIgniter\Config\Services::session()
10 SYSTEMPATH\Config\BaseService.php(203): CodeIgniter\Config\BaseService::__callStatic('session', [])
11 SYSTEMPATH\Common.php(1078): CodeIgniter\Config\BaseService::get('session')
12 SYSTEMPATH\Common.php(1051): service('session')
13 APPPATH\Views\user\login.php(11): session()
14 SYSTEMPATH\View\View.php(238): include('C:\\xampp\\htdocs\\lab11_ci\\ci4\\app\\Views\\user\\login.php')
15 SYSTEMPATH\View\View.php(241): CodeIgniter\View\View->CodeIgniter\View\{closure}()
16 SYSTEMPATH\Common.php(1250): CodeIgniter\View\View->render('user/login', [], true)
17 APPPATH\Controllers\User.php(24): view('user/login')
18 SYSTEMPATH\CodeIgniter.php(951): App\Controllers\User->login()
19 SYSTEMPATH\CodeIgniter.php(497): CodeIgniter\CodeIgniter->runController(Object(App\Controllers\User))
20 SYSTEMPATH\CodeIgniter.php(340): CodeIgniter\CodeIgniter->handleRequest(null, Object(Config\Cache), false)
21 SYSTEMPATH\Boot.php(417): CodeIgniter\CodeIgniter->run()
22 SYSTEMPATH\Boot.php(68): CodeIgniter\Boot::runCodeIgniter(Object(CodeIgniter\CodeIgniter))
23 FCPATH\index.php(59): CodeIgniter\Boot::bootWeb(Object(Config\Paths))
24 SYSTEMPATH\rewrite.php(44): require_once('C:\\xampp\\htdocs\\lab11_ci\\ci4\\public\\index.php')
CRITICAL - 2026-06-06 11:33:15 --> CodeIgniter\Session\Exceptions\SessionException: Session: Configured save path "C:\xampp\htdocs\lab11_ci\ci4\writable\session" is not writable by the PHP process.
[Method: GET, Route: user/login]
in SYSTEMPATH\Session\Handlers\FileHandler.php on line 102.
 1 SYSTEMPATH\Session\Handlers\FileHandler.php(102): CodeIgniter\Session\Exceptions\SessionException::forWriteProtectedSavePath('C:\\xampp\\htdocs\\lab11_ci\\ci4\\writable\\session')
 2 [internal function]: CodeIgniter\Session\Handlers\FileHandler->open('C:\\xampp\\htdocs\\lab11_ci\\ci4\\writable\\session', 'ci_session')
 3 SYSTEMPATH\Session\Session.php(625): session_start()
 4 SYSTEMPATH\Session\Session.php(120): CodeIgniter\Session\Session->startSession()
 5 SYSTEMPATH\Config\Services.php(715): CodeIgniter\Session\Session->start()
 6 SYSTEMPATH\Config\BaseService.php(325): CodeIgniter\Config\Services::session(Object(Config\Session), false)
 7 SYSTEMPATH\Config\BaseService.php(264): CodeIgniter\Config\BaseService::__callStatic('session', [...])
 8 SYSTEMPATH\Config\Services.php(668): CodeIgniter\Config\BaseService::getSharedInstance('session', null)
 9 SYSTEMPATH\Config\BaseService.php(334): CodeIgniter\Config\Services::session()
10 SYSTEMPATH\Config\BaseService.php(203): CodeIgniter\Config\BaseService::__callStatic('session', [])
11 SYSTEMPATH\Common.php(1078): CodeIgniter\Config\BaseService::get('session')
12 SYSTEMPATH\Common.php(1051): service('session')
13 APPPATH\Views\user\login.php(11): session()
14 SYSTEMPATH\View\View.php(238): include('C:\\xampp\\htdocs\\lab11_ci\\ci4\\app\\Views\\user\\login.php')
15 SYSTEMPATH\View\View.php(241): CodeIgniter\View\View->CodeIgniter\View\{closure}()
16 SYSTEMPATH\Common.php(1250): CodeIgniter\View\View->render('user/login', [], true)
17 APPPATH\Controllers\User.php(24): view('user/login')
18 SYSTEMPATH\CodeIgniter.php(951): App\Controllers\User->login()
19 SYSTEMPATH\CodeIgniter.php(497): CodeIgniter\CodeIgniter->runController(Object(App\Controllers\User))
20 SYSTEMPATH\CodeIgniter.php(340): CodeIgniter\CodeIgniter->handleRequest(null, Object(Config\Cache), false)
21 SYSTEMPATH\Boot.php(417): CodeIgniter\CodeIgniter->run()
22 SYSTEMPATH\Boot.php(68): CodeIgniter\Boot::runCodeIgniter(Object(CodeIgniter\CodeIgniter))
23 FCPATH\index.php(59): CodeIgniter\Boot::bootWeb(Object(Config\Paths))
24 SYSTEMPATH\rewrite.php(44): require_once('C:\\xampp\\htdocs\\lab11_ci\\ci4\\public\\index.php')
CRITICAL - 2026-06-06 11:33:32 --> CodeIgniter\Session\Exceptions\SessionException: Session: Configured save path "C:\xampp\htdocs\lab11_ci\ci4\writable\session" is not writable by the PHP process.
[Method: GET, Route: user/login]
in SYSTEMPATH\Session\Handlers\FileHandler.php on line 102.
 1 SYSTEMPATH\Session\Handlers\FileHandler.php(102): CodeIgniter\Session\Exceptions\SessionException::forWriteProtectedSavePath('C:\\xampp\\htdocs\\lab11_ci\\ci4\\writable\\session')
 2 [internal function]: CodeIgniter\Session\Handlers\FileHandler->open('C:\\xampp\\htdocs\\lab11_ci\\ci4\\writable\\session', 'ci_session')
 3 SYSTEMPATH\Session\Session.php(625): session_start()
 4 SYSTEMPATH\Session\Session.php(120): CodeIgniter\Session\Session->startSession()
 5 SYSTEMPATH\Config\Services.php(715): CodeIgniter\Session\Session->start()
 6 SYSTEMPATH\Config\BaseService.php(325): CodeIgniter\Config\Services::session(Object(Config\Session), false)
 7 SYSTEMPATH\Config\BaseService.php(264): CodeIgniter\Config\BaseService::__callStatic('session', [...])
 8 SYSTEMPATH\Config\Services.php(668): CodeIgniter\Config\BaseService::getSharedInstance('session', null)
 9 SYSTEMPATH\Config\BaseService.php(334): CodeIgniter\Config\Services::session()
10 SYSTEMPATH\Config\BaseService.php(203): CodeIgniter\Config\BaseService::__callStatic('session', [])
11 SYSTEMPATH\Common.php(1078): CodeIgniter\Config\BaseService::get('session')
12 SYSTEMPATH\Common.php(1051): service('session')
13 APPPATH\Views\user\login.php(11): session()
14 SYSTEMPATH\View\View.php(238): include('C:\\xampp\\htdocs\\lab11_ci\\ci4\\app\\Views\\user\\login.php')
15 SYSTEMPATH\View\View.php(241): CodeIgniter\View\View->CodeIgniter\View\{closure}()
16 SYSTEMPATH\Common.php(1250): CodeIgniter\View\View->render('user/login', [], true)
17 APPPATH\Controllers\User.php(24): view('user/login')
18 SYSTEMPATH\CodeIgniter.php(951): App\Controllers\User->login()
19 SYSTEMPATH\CodeIgniter.php(497): CodeIgniter\CodeIgniter->runController(Object(App\Controllers\User))
20 SYSTEMPATH\CodeIgniter.php(340): CodeIgniter\CodeIgniter->handleRequest(null, Object(Config\Cache), false)
21 SYSTEMPATH\Boot.php(417): CodeIgniter\CodeIgniter->run()
22 SYSTEMPATH\Boot.php(68): CodeIgniter\Boot::runCodeIgniter(Object(CodeIgniter\CodeIgniter))
23 FCPATH\index.php(59): CodeIgniter\Boot::bootWeb(Object(Config\Paths))
24 SYSTEMPATH\rewrite.php(44): require_once('C:\\xampp\\htdocs\\lab11_ci\\ci4\\public\\index.php')
DEBUG - 2026-06-06 11:36:27 --> Session: Class initialized using 'CodeIgniter\Session\Handlers\FileHandler' driver.
DEBUG - 2026-06-06 11:38:23 --> Session: Class initialized using 'CodeIgniter\Session\Handlers\FileHandler' driver.
DEBUG - 2026-06-06 11:40:43 --> Session: Class initialized using 'CodeIgniter\Session\Handlers\FileHandler' driver.
CRITICAL - 2026-06-06 11:49:23 --> ErrorException: Undefined variable $q
[Method: GET, Route: admin/artikel]
in APPPATH\Views\artikel\admin_index.php on line 4.
 1 APPPATH\Views\artikel\admin_index.php(4): CodeIgniter\Debug\Exceptions->errorHandler(2, 'Undefined variable $q', 'C:\\xampp\\htdocs\\lab11_ci\\ci4\\app\\Views\\artikel\\admin_index.php', 4)
 2 SYSTEMPATH\View\View.php(238): include('C:\\xampp\\htdocs\\lab11_ci\\ci4\\app\\Views\\artikel\\admin_index.php')
 3 SYSTEMPATH\View\View.php(241): CodeIgniter\View\View->CodeIgniter\View\{closure}()
 4 SYSTEMPATH\Common.php(1250): CodeIgniter\View\View->render('artikel/admin_index', [], true)
 5 APPPATH\Controllers\Artikel.php(35): view('artikel/admin_index', [...])
 6 SYSTEMPATH\CodeIgniter.php(951): App\Controllers\Artikel->admin_index()
 7 SYSTEMPATH\CodeIgniter.php(497): CodeIgniter\CodeIgniter->runController(Object(App\Controllers\Artikel))
 8 SYSTEMPATH\CodeIgniter.php(340): CodeIgniter\CodeIgniter->handleRequest(null, Object(Config\Cache), false)
 9 SYSTEMPATH\Boot.php(417): CodeIgniter\CodeIgniter->run()
10 SYSTEMPATH\Boot.php(68): CodeIgniter\Boot::runCodeIgniter(Object(CodeIgniter\CodeIgniter))
11 FCPATH\index.php(59): CodeIgniter\Boot::bootWeb(Object(Config\Paths))
12 SYSTEMPATH\rewrite.php(44): require_once('C:\\xampp\\htdocs\\lab11_ci\\ci4\\public\\index.php')
